madding@wmmad:~$ jstat -gcutil 29635 1000 1000
  S0     S1     E      O      P     YGC     YGCT    FGC    FGCT     GCT   
  0.00   0.00  99.86 100.00  34.08     11    0.079   842   47.660   47.739
  0.00   0.00  99.92 100.00  34.08     11    0.079   846   47.882   47.961
  0.00   0.00  99.86 100.00  34.08     11    0.079   850   48.112   48.192
  0.00   0.00  99.86 100.00  34.08     11    0.079   854   48.325   48.405
  0.00   0.00  99.86 100.00  34.08     11    0.079   858   48.540   48.620
  0.00   0.00  99.86 100.00  34.08     11    0.079   862   48.757   48.836
  0.00   0.00  99.86 100.00  34.08     11    0.079   866   48.972   49.052
  0.00   0.00  99.86 100.00  34.08     11    0.079   870   49.187   49.267
  0.00   0.00  99.86 100.00  34.08     11    0.079   874   49.402   49.482
  0.00   0.00  99.86 100.00  34.08     11    0.079   878   49.618   49.698
  0.00   0.00  99.86 100.00  34.08     11    0.079   882   49.833   49.913
  0.00   0.00  99.92 100.00  34.08     11    0.079   886   50.051   50.130
  0.00   0.00  99.86 100.00  34.08     11    0.079   890   50.281   50.361
  0.00   0.00  99.86 100.00  34.08     11    0.079   894   50.498   50.578
  0.00   0.00  99.86 100.00  34.08     11    0.079   898   50.719   50.799
  0.00   0.00  99.86 100.00  34.08     11    0.079   902   50.934   51.014
  0.00   0.00  99.86 100.00  34.08     11    0.079   906   51.149   51.228
  0.00   0.00  99.86 100.00  34.08     11    0.079   910   51.365   51.445
  0.00   0.00  99.86 100.00  34.08     11    0.079   914   51.579   51.659
  0.00   0.00  99.86 100.00  34.08     11    0.079   918   51.793   51.872
  0.00   0.00  99.86 100.00  34.08     11    0.079   922   52.007   52.086
